0.000
46.920
0.000
0.000
0.000
0.000
0.000
0.000
0.000
1331.911
1312.988
933.686
422.275
334.380
186.252
6.944
13.482
81.060
33.609
80.730
127.865
15.155
669.800
84.068
131.536
387.076
0.000
44.172
0.000
0.000
0.000
0.000
0.000
0.000
0.000
1301.269
1256.034
917.855
530.039
295.354
192.959
1.285
7.040
13.187
140.020
105.737
153.134
174.958
963.296
98.741
127.304
417.232
