40
3
13
12
23
10
1000
0
0
2000
20
36
39
60
78
67
445
4479
22
66
44
153
198
245
754
817
524
3814
8
12
6241
17780
0
10002
1
5045
20
5081
30009
16
9997
